<!DOCTYPE html PUBLIC "-//W3C//DTD XHTML 1.0 Strict//EN" "http://www.w3.org/TR/xhtml1/DTD/xhtml1-strict.dtd">
<html xmlns="http://www.w3.org/1999/xhtml" lang="en" xml:lang="en">
<head>
    <meta http-equiv="Content-Type" content="text/html; charset=utf8" />
    <title>poole - home</title>
    <meta name="description" content="a poole site" />
    <meta name="keywords" content="poole" />
    <style type="text/css">
        body {
            font-family: sans;
            width: 800px;
            margin: 1em auto;
            color: #2e3436;
        }
        div#box {
        }
        div#header, div#menu, div#content, div#footer {
            padding: 1em;
        }
        div#menu {
            background-color: #eeeeec;
            padding: 0.6em 0 0.6em 0;
        }
        #menu span {
            font-weight: bold;
            padding: 0.6em;
        }
        #menu span.current {
            background-color: #ffffff;
            border: 1px solid #eeeeec;
        }
        #menu a {
            color: #000000;
            text-decoration: none;
        }
        div#footer {
            color: gray;
            text-align: center;
            font-size: small;
        }
        div#footer a {
            color: gray;
            text-decoration: none;
        }
        pre {
            border: dotted black 1px;
            background: #eeeeec;
            font-size: small;
            padding: 1em;
        }
    </style>
</head>
<body>
    <div id="box">
    <div id="header">
         <h1>a poole site</h1>
         <h2>home</h2>
    </div>
    <div id="menu">
    <span class="current"><a href="/index.html">home</a></span>
<span class=""><a href="/layout.html">layout</a></span>
<span class=""><a href="/logic.html">logic</a></span>
<span class=""><a href="/blog.html">blog</a></span>
    </div>
    <div id="content"><h2>Welcome to Poole</h2>
<p>In Poole you write your pages in <a href="http://daringfireball.net/projects/markdown/">markdown</a>. It's easier to write
markdown than HTML.</p>
<p>Poole is made for simple websites you just want to get done, without installing
a bunch of requirements and without learning a template engine.</p>
<p>In a build, Poole copies every file from the <em>input</em> directory to the <em>output</em>
directory. During that process every markdown file (ending with <em>md</em>, <em>mkd</em>,
<em>mdown</em> or <em>markdown</em>) is converted to HTML using the project's <code>page.html</code>
as a skeleton.</p></div>
    </div>
    <div id="footer">
        Built with <a href="http://bitbucket.org/obensonne/poole">Poole</a>
        &middot;
        Licensed as <a href="http://creativecommons.org/licenses/by-sa/3.0">CC-SA</a>
        &middot;
        <a href="http://validator.w3.org/check?uri=referer">Validate me</a>
    </div>
</body>
</html>
