<!DOCTYPE html PUBLIC "-//W3C//DTD XHTML 1.0 Strict//EN" "http://www.w3.org/TR/xhtml1/DTD/xhtml1-strict.dtd">
<html xmlns="http://www.w3.org/1999/xhtml" lang="en" xml:lang="en">
<head>
    <meta http-equiv="Content-Type" content="text/html; charset=utf8" />
    <title>poole - logic</title>
    <meta name="description" content="a poole site" />
    <meta name="keywords" content="poole" />
    <style type="text/css">
        body {
            font-family: sans;
            width: 800px;
            margin: 1em auto;
            color: #2e3436;
        }
        div#box {
        }
        div#header, div#menu, div#content, div#footer {
            padding: 1em;
        }
        div#menu {
            background-color: #eeeeec;
            padding: 0.6em 0 0.6em 0;
        }
        #menu span {
            font-weight: bold;
            padding: 0.6em;
        }
        #menu span.current {
            background-color: #ffffff;
            border: 1px solid #eeeeec;
        }
        #menu a {
            color: #000000;
            text-decoration: none;
        }
        div#footer {
            color: gray;
            text-align: center;
            font-size: small;
        }
        div#footer a {
            color: gray;
            text-decoration: none;
        }
        pre {
            border: dotted black 1px;
            background: #eeeeec;
            font-size: small;
            padding: 1em;
        }
    </style>
</head>
<body>
    <div id="box">
    <div id="header">
         <h1>a poole site</h1>
         <h2>logic</h2>
    </div>
    <div id="menu">
    <span class=""><a href="/index.html">home</a></span>
<span class=""><a href="/layout.html">layout</a></span>
<span class="current"><a href="/logic.html">logic</a></span>
<span class=""><a href="/blog.html">blog</a></span>
    </div>
    <div id="content"><p>Poole has basic support for content generation using Python code inlined in
page files. This is everything but a clear separation of logic and content but
for simple sites this is just a pragmatic way to get things done fast.
For instance the menu on this page is generated by some inlined Python code in
the project's <code>page.html</code> file.</p>
<p>Just ignore this feature if you don't need it :)</p>
<p>Content generation by inlined Python code is good to add some zest to your
site. If you use it a lot, you better go with more sophisticated site
generators like <a href="http://ringce.com/hyde">Hyde</a>.</p></div>
    </div>
    <div id="footer">
        Built with <a href="http://bitbucket.org/obensonne/poole">Poole</a>
        &middot;
        Licensed as <a href="http://creativecommons.org/licenses/by-sa/3.0">CC-SA</a>
        &middot;
        <a href="http://validator.w3.org/check?uri=referer">Validate me</a>
    </div>
</body>
</html>
